SDC Constraints report for top
Mon Nov  6 09:03:28 2023
Quartus Prime Version 23.4.0 Internal Build 66 11/05/2023 SC Pro Edition


---------------------
; Table of Contents ;
---------------------
  1. Post-Elaboration Constraints
  2. Post-Synthesis Constraints



+-------------------------------------------------------------------------------------------------------------------------------+
; Post-Elaboration Constraints                                                                                                  ;
+---------------+--------------------------+------------------------------------------------------------------------+-----------+
; Constraint ID ; Command                  ; Value and Target Options                                               ; File Name ;
+---------------+--------------------------+------------------------------------------------------------------------+-----------+
; 0             ; SDC::stmt_of_source_file ; [-qip] { sandboxes/9680_0/sld/ipgen/alt_sld_fab_0/alt_sld_fab_0.qip }  ; :0        ;
+---------------+--------------------------+------------------------------------------------------------------------+-----------+


+-------------------------------------------------------------------------------------------------------------------------------+
; Post-Synthesis Constraints                                                                                                    ;
+---------------+--------------------------+------------------------------------------------------------------------+-----------+
; Constraint ID ; Command                  ; Value and Target Options                                               ; File Name ;
+---------------+--------------------------+------------------------------------------------------------------------+-----------+
; 0             ; SDC::stmt_of_source_file ; [-qip] { sandboxes/9680_0/sld/ipgen/alt_sld_fab_0/alt_sld_fab_0.qip }  ; :0        ;
+---------------+--------------------------+------------------------------------------------------------------------+-----------+


